// Jest Snapshot v1, https://goo.gl/fbAQLP

exports[`App snapshot should match 1`] = `
<div>
  <h2>
    Top four
  </h2>
  <ul
    className="dashboard_s_list row"
  />
</div>
`;
