// Jest Snapshot v1, https://goo.gl/fbAQLP

exports[`App snapshot should match 1`] = `
<header>
  <h1>
    Tour of Heroes
  </h1>
  <nav>
    <a
      aria-current="page"
      className="active"
      href="/"
      onClick={[Function]}
      style={Object {}}
    >
      Dashboad
    </a>
    <a
      aria-current={null}
      href="/heroes"
      onClick={[Function]}
    >
      Heroes
    </a>
  </nav>
</header>
`;
