// Jest Snapshot v1, https://goo.gl/fbAQLP

exports[`App snapshot should match 1`] = `
<div>
  <h2>
    My heroes
  </h2>
  <ul
    className="hero-list"
  />
  <a
    aria-current={null}
    href="/hero/"
    onClick={[Function]}
  >
    Create Hero
  </a>
</div>
`;
