// Jest Snapshot v1, https://goo.gl/fbAQLP

exports[`PageNotFound snapshot should match 1`] = `
<div
  className="404__container"
>
  <h2>
    Error 404
  </h2>
  <p>
    Página no encontrada.
  </p>
  <a
    aria-current="page"
    className="active"
    href="/"
    onClick={[Function]}
    style={Object {}}
  >
    Página principal
  </a>
</div>
`;
