// Jest Snapshot v1, https://goo.gl/fbAQLP

exports[`ShowImage snapshot should match 1`] = `
<img
  alt=""
/>
`;
